BL51 BANKED LINKER/LOCATER V6.22                                                        03/31/2019  21:09:09  PAGE 1


BL51 BANKED LINKER/LOCATER V6.22, INVOKED BY:
D:\KEIL\C51\BIN\BL51.EXE STARTUP.obj, main.obj TO test RAMSIZE (256)


MEMORY MODEL: SMALL WITH FLOATING POINT ARITHMETIC


INPUT MODULES INCLUDED:
  STARTUP.obj (?C_STARTUP)
  main.obj (MAIN)
  D:\KEIL\C51\LIB\C51FPS.LIB (?C?FPMUL)
  D:\KEIL\C51\LIB\C51FPS.LIB (?C?FCAST)
  D:\KEIL\C51\LIB\C51FPS.LIB (?C?CASTF)
  D:\KEIL\C51\LIB\C51FPS.LIB (?C?FPGETOPN)
  D:\KEIL\C51\LIB\C51S.LIB (?C?SIDIV)
  D:\KEIL\C51\LIB\C51S.LIB (?C?LNEG)
  D:\KEIL\C51\LIB\C51S.LIB (?C?UIDIV)


LINK MAP OF MODULE:  test (?C_STARTUP)


            TYPE    BASE      LENGTH    RELOCATION   SEGMENT NAME
            -----------------------------------------------------

            * * * * * * *   D A T A   M E M O R Y   * * * * * * *
            REG     0000H     0008H     ABSOLUTE     "REG BANK 0"
            DATA    0008H     0014H     UNIT         _DATA_GROUP_
                    001CH     0004H                  *** GAP ***
            BIT     0020H.0   0000H.1   UNIT         _BIT_GROUP_
                    0020H.1   0000H.7                *** GAP ***
            IDATA   0021H     0001H     UNIT         ?STACK

            * * * * * * *   C O D E   M E M O R Y   * * * * * * *
            CODE    0000H     0003H     ABSOLUTE     
                    0003H     07FDH                  *** GAP ***
            CODE    0800H     025EH     UNIT         ?C?LIB_CODE
            CODE    0A5EH     0099H     UNIT         ?PR?MAIN?MAIN
            CODE    0AF7H     0098H     UNIT         ?PR?_DISPALY?MAIN
            CODE    0B8FH     0063H     UNIT         ?PR?DS_RESULT?MAIN
            CODE    0BF2H     0034H     UNIT         ?PR?DS_READ?MAIN
            CODE    0C26H     002FH     UNIT         ?PR?_DS_WRITE?MAIN
            CODE    0C55H     002AH     UNIT         ?PR?DS_INIT?MAIN
            CODE    0C7FH     0020H     UNIT         ?PR?_DELAY_MS?MAIN
            CODE    0C9FH     0012H     UNIT         ?CO?MAIN
            CODE    0CB1H     000CH     UNIT         ?C_C51STARTUP
            CODE    0CBDH     000BH     UNIT         ?PR?_DELAY_US?MAIN



OVERLAY MAP OF MODULE:   test (?C_STARTUP)


SEGMENT                           BIT_GROUP          DATA_GROUP 
  +--> CALLED SEGMENT          START    LENGTH     START    LENGTH
------------------------------------------------------------------
?C_C51STARTUP                  -----    -----      -----    -----
  +--> ?PR?MAIN?MAIN
BL51 BANKED LINKER/LOCATER V6.22                                                      03/31/2019  21:09:09  PAGE 2



?PR?MAIN?MAIN                  -----    -----      0008H    0004H
  +--> ?PR?DS_RESULT?MAIN
  +--> ?PR?_DISPALY?MAIN
  +--> ?PR?_DELAY_MS?MAIN

?PR?DS_RESULT?MAIN             -----    -----      000CH    0005H
  +--> ?PR?DS_INIT?MAIN
  +--> ?PR?_DS_WRITE?MAIN
  +--> ?PR?DS_READ?MAIN

?PR?DS_INIT?MAIN               0020H.0  0000H.1    -----    -----
  +--> ?PR?_DELAY_US?MAIN

?PR?_DS_WRITE?MAIN             -----    -----      0011H    0003H
  +--> ?PR?_DELAY_US?MAIN

?PR?DS_READ?MAIN               -----    -----      0011H    0003H
  +--> ?PR?_DELAY_US?MAIN

?PR?_DISPALY?MAIN              -----    -----      000CH    0010H
  +--> ?CO?MAIN
  +--> ?PR?_DELAY_MS?MAIN



SYMBOL TABLE OF MODULE:  test (?C_STARTUP)

  VALUE           TYPE          NAME
  ----------------------------------

  -------         MODULE        ?C_STARTUP
  C:0CB1H         SEGMENT       ?C_C51STARTUP
  I:0021H         SEGMENT       ?STACK
  C:0000H         PUBLIC        ?C_STARTUP
  D:00E0H         SYMBOL        ACC
  D:00F0H         SYMBOL        B
  D:0083H         SYMBOL        DPH
  D:0082H         SYMBOL        DPL
  N:0000H         SYMBOL        IBPSTACK
  N:0100H         SYMBOL        IBPSTACKTOP
  N:0080H         SYMBOL        IDATALEN
  C:0CB4H         SYMBOL        IDATALOOP
  N:0000H         SYMBOL        PBPSTACK
  N:0100H         SYMBOL        PBPSTACKTOP
  N:0000H         SYMBOL        PDATALEN
  N:0000H         SYMBOL        PDATASTART
  N:0000H         SYMBOL        PPAGE
  N:0000H         SYMBOL        PPAGEENABLE
  D:00A0H         SYMBOL        PPAGE_SFR
  D:0081H         SYMBOL        SP
  C:0CB1H         SYMBOL        STARTUP1
  N:0000H         SYMBOL        XBPSTACK
  N:0000H         SYMBOL        XBPSTACKTOP
  N:0000H         SYMBOL        XDATALEN
  N:0000H         SYMBOL        XDATASTART
  C:0000H         LINE#         126
BL51 BANKED LINKER/LOCATER V6.22                                                      03/31/2019  21:09:09  PAGE 3


  C:0CB1H         LINE#         133
  C:0CB3H         LINE#         134
  C:0CB4H         LINE#         135
  C:0CB5H         LINE#         136
  C:0CB7H         LINE#         185
  C:0CBAH         LINE#         196
  -------         ENDMOD        ?C_STARTUP

  -------         MODULE        MAIN
  C:0000H         SYMBOL        _ICE_DUMMY_
  D:0080H         PUBLIC        P0
  D:0090H         PUBLIC        P1
  D:00A0H         PUBLIC        P2
  D:00B0H         PUBLIC        P3
  D:00A8H         PUBLIC        IE
  C:0BF2H         PUBLIC        Ds_Read
  B:00B0H.3       PUBLIC        DS
  D:00B8H         PUBLIC        IP
  C:0B8FH         PUBLIC        Ds_Result
  B:00A0H.4       PUBLIC        LATCH1
  C:0C26H         PUBLIC        _Ds_Write
  C:0A5EH         PUBLIC        main
  C:0C55H         PUBLIC        Ds_Init
  C:0C7FH         PUBLIC        _Delay_ms
  D:0098H         PUBLIC        SCON
  D:0088H         PUBLIC        TCON
  C:0CBDH         PUBLIC        _Delay_us
  C:0C9FH         PUBLIC        dofly_DuanMa
  C:0CA9H         PUBLIC        dofly_WeiMa
  C:0AF7H         PUBLIC        _Dispaly
  D:00C8H         PUBLIC        T2CON
  D:00D0H         PUBLIC        PSW
  -------         PROC          MAIN
  -------         DO            
  D:0008H         SYMBOL        test
  D:000AH         SYMBOL        num
  -------         ENDDO         
  C:0A5EH         LINE#         22
  C:0A5EH         LINE#         23
  C:0A5EH         LINE#         24
  C:0A67H         LINE#         26
  C:0A67H         LINE#         27
  C:0A67H         LINE#         28
  C:0A6EH         LINE#         30
  C:0AEDH         LINE#         31
  C:0AF4H         LINE#         32
  -------         ENDPROC       MAIN
  -------         PROC          DS_INIT
  -------         DO            
  B:0020H.0       SYMBOL        ack
  -------         ENDDO         
  C:0C55H         LINE#         35
  C:0C55H         LINE#         36
  C:0C55H         LINE#         38
  C:0C57H         LINE#         39
  C:0C5EH         LINE#         40
  C:0C60H         LINE#         41
BL51 BANKED LINKER/LOCATER V6.22                                                      03/31/2019  21:09:09  PAGE 4


  C:0C67H         LINE#         42
  C:0C69H         LINE#         43
  C:0C70H         LINE#         44
  C:0C73H         LINE#         45
  C:0C75H         LINE#         46
  C:0C7CH         LINE#         47
  C:0C7EH         LINE#         48
  -------         ENDPROC       DS_INIT
  -------         PROC          _DS_WRITE
  D:0011H         SYMBOL        dat
  -------         DO            
  D:0012H         SYMBOL        i
  -------         ENDDO         
  C:0C26H         LINE#         50
  C:0C28H         LINE#         51
  C:0C28H         LINE#         53
  C:0C2DH         LINE#         54
  C:0C2DH         LINE#         55
  C:0C2FH         LINE#         57
  C:0C34H         LINE#         58
  C:0C3BH         LINE#         59
  C:0C3DH         LINE#         61
  C:0C43H         LINE#         62
  C:0C54H         LINE#         63
  -------         ENDPROC       _DS_WRITE
  -------         PROC          DS_READ
  -------         DO            
  D:0011H         SYMBOL        dat
  D:0012H         SYMBOL        i
  -------         ENDDO         
  C:0BF2H         LINE#         65
  C:0BF2H         LINE#         66
  C:0BF2H         LINE#         67
  C:0BF5H         LINE#         69
  C:0BF9H         LINE#         70
  C:0BF9H         LINE#         71
  C:0BFBH         LINE#         72
  C:0C01H         LINE#         73
  C:0C03H         LINE#         75
  C:0C06H         LINE#         76
  C:0C06H         LINE#         77
  C:0C09H         LINE#         78
  C:0C09H         LINE#         79
  C:0C10H         LINE#         80
  C:0C23H         LINE#         81
  C:0C25H         LINE#         82
  -------         ENDPROC       DS_READ
  -------         PROC          DS_RESULT
  -------         DO            
  D:000CH         SYMBOL        tp
  D:0006H         SYMBOL        temp
  D:0010H         SYMBOL        LSB
  D:0007H         SYMBOL        MSB
  -------         ENDDO         
  C:0B8FH         LINE#         84
  C:0B8FH         LINE#         85
  C:0B8FH         LINE#         86
BL51 BANKED LINKER/LOCATER V6.22                                                      03/31/2019  21:09:09  PAGE 5


  C:0B98H         LINE#         87
  C:0B9AH         LINE#         88
  C:0B9CH         LINE#         90
  C:0B9FH         LINE#         91
  C:0BA4H         LINE#         92
  C:0BA9H         LINE#         94
  C:0BACH         LINE#         95
  C:0BB1H         LINE#         96
  C:0BB6H         LINE#         97
  C:0BBBH         LINE#         98
  C:0BBEH         LINE#         99
  C:0BBEH         LINE#         100
  C:0BC0H         LINE#         101
  C:0BC3H         LINE#         102
  C:0BDCH         LINE#         103
  C:0BF1H         LINE#         105
  -------         ENDPROC       DS_RESULT
  -------         PROC          _DISPALY
  D:0006H         SYMBOL        p1
  D:0004H         SYMBOL        p2
  D:0002H         SYMBOL        p3
  D:0012H         SYMBOL        p4
  D:0014H         SYMBOL        point
  -------         DO            
  D:0016H         SYMBOL        i
  D:0018H         SYMBOL        TempData
  -------         ENDDO         
  C:0AF7H         LINE#         113
  C:0AF7H         LINE#         118
  C:0B05H         LINE#         119
  C:0B13H         LINE#         120
  C:0B21H         LINE#         121
  C:0B31H         LINE#         123
  C:0B36H         LINE#         124
  C:0B36H         LINE#         125
  C:0B39H         LINE#         126
  C:0B3BH         LINE#         127
  C:0B4BH         LINE#         128
  C:0B5CH         LINE#         129
  C:0B66H         LINE#         130
  C:0B68H         LINE#         131
  C:0B68H         LINE#         132
  C:0B70H         LINE#         133
  C:0B70H         LINE#         134
  C:0B72H         LINE#         135
  C:0B74H         LINE#         136
  C:0B7BH         LINE#         137
  C:0B8EH         LINE#         138
  -------         ENDPROC       _DISPALY
  -------         PROC          _DELAY_MS
  D:0006H         SYMBOL        i
  -------         DO            
  D:0004H         SYMBOL        j
  -------         ENDDO         
  C:0C7FH         LINE#         142
  C:0C7FH         LINE#         143
  C:0C7FH         LINE#         145
BL51 BANKED LINKER/LOCATER V6.22                                                      03/31/2019  21:09:09  PAGE 6


  C:0C8AH         LINE#         146
  C:0C9EH         LINE#         147
  -------         ENDPROC       _DELAY_MS
  -------         PROC          _DELAY_US
  D:0006H         SYMBOL        t
  C:0CBDH         LINE#         148
  C:0CBDH         LINE#         149
  C:0CBDH         LINE#         150
  C:0CC7H         LINE#         151
  -------         ENDPROC       _DELAY_US
  -------         ENDMOD        MAIN

  -------         MODULE        ?C?FPMUL
  C:0800H         PUBLIC        ?C?FPMUL
  -------         ENDMOD        ?C?FPMUL

  -------         MODULE        ?C?FCAST
  C:0910H         PUBLIC        ?C?FCASTC
  C:090BH         PUBLIC        ?C?FCASTI
  C:0906H         PUBLIC        ?C?FCASTL
  -------         ENDMOD        ?C?FCAST

  -------         MODULE        ?C?CASTF
  C:0944H         PUBLIC        ?C?CASTF
  -------         ENDMOD        ?C?CASTF

  -------         MODULE        ?C?SIDIV
  C:09C5H         PUBLIC        ?C?SIDIV
  -------         ENDMOD        ?C?SIDIV

  -------         MODULE        ?C?LNEG
  C:09FBH         PUBLIC        ?C?LNEG
  -------         ENDMOD        ?C?LNEG

  -------         MODULE        ?C?UIDIV
  C:0A09H         PUBLIC        ?C?UIDIV
  -------         ENDMOD        ?C?UIDIV

******************************************************************************
* RESTRICTED VERSION WITH 0800H BYTE CODE SIZE LIMIT; USED: 026DH BYTE (30%) *
******************************************************************************

Program Size: data=29.1 xdata=0 code=1227
LINK/LOCATE RUN COMPLETE.  0 WARNING(S),  0 ERROR(S)
